#-----------------------------------------------------------
# Vivado v2020.1 (64-bit)
# SW Build 2902540 on Wed May 27 19:54:49 MDT 2020
# IP Build 2902112 on Wed May 27 22:43:36 MDT 2020
# Start of session at: Fri Jun 18 10:17:59 2021
# Process ID: 7880
# Current directory: C:/Users/Christian Honein/Desktop/cpe133_labs
# Command line: vivado.exe -gui_launcher_event rodinguilauncherevent8624 C:\Users\Christian Honein\Desktop\cpe133_labs\cpe133_labs.xpr
# Log file: C:/Users/Christian Honein/Desktop/cpe133_labs/vivado.log
# Journal file: C:/Users/Christian Honein/Desktop/cpe133_labs\vivado.jou
#-----------------------------------------------------------
start_gui
open_project {C:/Users/Christian Honein/Desktop/cpe133_labs/cpe133_labs.xpr}
update_compile_order -fileset sources_1
update_compile_order -fileset sim_1
launch_simulation
source Lab0Sim.tcl
file mkdir C:/Users/Christian Honein/Desktop/cpe133_labs/cpe133_labs.srcs/constrs_1
file mkdir C:/Users/Christian Honein/Desktop/cpe133_labs/cpe133_labs.srcs/constrs_1
file mkdir C:/Users/Christian Honein/Desktop/cpe133_labs/cpe133_labs.srcs/constrs_1/new
file mkdir C:/Users/Christian Honein/Desktop/cpe133_labs/cpe133_labs.srcs/constrs_1/new
file mkdir C:/Users/Christian Honein/Desktop/cpe133_labs/cpe133_labs.srcs/constrs_1/new
file mkdir C:/Users/Christian Honein/Desktop/cpe133_labs/cpe133_labs.srcs/constrs_1/new
file mkdir C:/Users/Christian Honein/Desktop/cpe133_labs/cpe133_labs.srcs/constrs_1
file mkdir {C:/Users/Christian Honein/Desktop/cpe133_labs/cpe133_labs.srcs/constrs_1/new}
close [ open {C:/Users/Christian Honein/Desktop/cpe133_labs/cpe133_labs.srcs/constrs_1/new/Basys3Constraints.xdc} w ]
add_files -fileset constrs_1 {{C:/Users/Christian Honein/Desktop/cpe133_labs/cpe133_labs.srcs/constrs_1/new/Basys3Constraints.xdc}}
run 14 us
run 10 us
reset_run synth_1
launch_runs impl_1 -jobs 2
wait_on_run impl_1
launch_runs impl_1 -to_step write_bitstream -jobs 2
wait_on_run impl_1
reset_run impl_1 -prev_step 
launch_runs impl_1 -to_step write_bitstream -jobs 2
wait_on_run impl_1
reset_run synth_1
launch_runs impl_1 -to_step write_bitstream -jobs 2
wait_on_run impl_1
open_hw_manager
connect_hw_server -allow_non_jtag
open_hw_target
set_property PROGRAM.FILE {C:/Users/Christian Honein/Desktop/cpe133_labs/cpe133_labs.runs/impl_1/Lab0.bit} [get_hw_devices xc7a35t_0]
current_hw_device [get_hw_devices xc7a35t_0]
refresh_hw_device -update_hw_probes false [lindex [get_hw_devices xc7a35t_0] 0]
set_property PROBES.FILE {} [get_hw_devices xc7a35t_0]
set_property FULL_PROBES.FILE {} [get_hw_devices xc7a35t_0]
set_property PROGRAM.FILE {C:/Users/Christian Honein/Desktop/cpe133_labs/cpe133_labs.runs/impl_1/Lab0.bit} [get_hw_devices xc7a35t_0]
program_hw_devices [get_hw_devices xc7a35t_0]
refresh_hw_device [lindex [get_hw_devices xc7a35t_0] 0]
set_property PROBES.FILE {} [get_hw_devices xc7a35t_0]
set_property FULL_PROBES.FILE {} [get_hw_devices xc7a35t_0]
set_property PROGRAM.FILE {C:/Users/Christian Honein/Desktop/cpe133_labs/cpe133_labs.runs/impl_1/Lab0.bit} [get_hw_devices xc7a35t_0]
program_hw_devices [get_hw_devices xc7a35t_0]
refresh_hw_device [lindex [get_hw_devices xc7a35t_0] 0]
close_sim
